
> temp-vite@0.0.0 build
> tsc -b && vite build

src/components/nitmun/NitmunAdminPanel.tsx(4,28): error TS6133: 'MapPin' is declared but its value is never read.
src/components/nitmun/NitmunAdminPanel.tsx(197,127): error TS2339: Property 'paymentReferenceNumber' does not exist on type 'CommonRegistration'.
